// Jest Snapshot v1, https://goo.gl/fbAQLP

exports[`Tests in GifGridItem component must render <GifGridItem /> with props 1`] = `
<div
  className="card animate__animated animate__fadeInUp"
>
  <img
    alt="Un titulo"
    src="https://localhost/algo.jpg"
  />
  <p>
    Un titulo
  </p>
</div>
`;
